C51 COMPILER V9.54   MAIN                                                                  07/13/2016 17:45:25 PAGE 1   


C51 COMPILER V9.54, COMPILATION OF MODULE MAIN
OBJECT MODULE PLACED IN .\Objects\main.obj
COMPILER INVOKED BY: E:\Keil_v5\C51\BIN\C51.EXE main.c LARGE OPTIMIZE(8,SPEED) BROWSE DEBUG OBJECTEXTEND PRINT(.\Listing
                    -s\main.lst) TABS(2) OBJECT(.\Objects\main.obj)

line level    source

   1          /*--------------------------------------------------------------------------
   2          Made by Œ‚≥Á
   3          All rights reserved.
   4          --------------------------------------------------------------------------*/
   5          #include<reg52.h>
   6          #include<absacc.h>
   7          #include"frag1.h"
   8          #include"frag2.h"
   9          #include"frag3.h"
  10          #include"frag4.h"
  11          #include"frag5.h"
  12          #include"frag6.h"
  13          #include"musicplayer.h"
  14          void main(){
  15   1        ini_8255();
  16   1        system_ini();
  17   1        Init();
  18   1        Clear();
  19   1        start();
  20   1        while(1)
  21   1        {
  22   2          select();
  23   2          if(TestKey()){
  24   3            key=GetKey();
  25   3            switch(key){
  26   4              case 0x00:Clear();juzhenled();break;
  27   4              case 0x01:op(0);LCD_show_2(0);LED_Activity();break;
  28   4              case 0x02:op(0);music_player();break;
  29   4              case 0x03:op(0);game(0,0);break;
  30   4              case 0x04:op(0);LS();break;       
  31   4              default:break;
  32   4          }
  33   3          }
  34   2        
  35   2        }
  36   1      }


MODULE INFORMATION:   STATIC OVERLAYABLE
   CODE SIZE        =    111    ----
   CONSTANT SIZE    =   ----    ----
   XDATA SIZE       =   ----    ----
   PDATA SIZE       =   ----    ----
   DATA SIZE        =   ----    ----
   IDATA SIZE       =   ----    ----
   BIT SIZE         =   ----    ----
END OF MODULE INFORMATION.


C51 COMPILATION COMPLETE.  0 WARNING(S),  0 ERROR(S)
